WARNING: Position member of Vaughan City Council (Q56099571) not in boundary associated_wikidata_positions
WARNING: Position member of Markham City Council (Q56099529) not in boundary associated_wikidata_positions
WARNING: Position member of Surrey City Council (Q56099617) not in boundary associated_wikidata_positions
WARNING: the district Shawinigan (Q18642499) wasn't found in the boundary data for position Member of the Senate of Canada (Q18524027)
WARNING: Position Mayor of Vaughan (Q56099574) not in boundary associated_wikidata_positions
WARNING: Position maire de Saint-Jean (Q28382706) not in boundary associated_wikidata_positions
WARNING: the district New Brunswick (Q1965) wasn't found in the boundary data for position maire de Saint-Jean (Q28382706)
WARNING: the district New Brunswick (Q1965) wasn't found in the boundary data for position maire de Saint-Jean (Q28382706)
WARNING: Position Mayor of Markham (Q56099530) not in boundary associated_wikidata_positions
WARNING: Position Mayor of Surrey (Q56099619) not in boundary associated_wikidata_positions
